\set ECHO none
 remove_provenance 
-------------------
 
(1 row)

   city   | prob 
----------+------
 Paris    | 0.41
 New York | 0.26
 Berlin   | 0.54
(3 rows)

