\set ECHO none
 remove_provenance 
-------------------
 
(1 row)

 classification | formula  
----------------+----------
 unclassified   | John
 restricted     | Paul
 restricted     | Nancy
 restricted     | Nancy
 confidential   | Dave
 confidential   | Dave
 secret         | Ellen
 secret         | Susan
 top_secret     | Magdalen
 top_secret     | Magdalen
(10 rows)

