\set ECHO none
ERROR:  FROM clause unsupported by provsql
ERROR:  FROM clause unsupported by provsql
ERROR:  Aggregation not supported by provsql
ERROR:  Subqueries in WHERE clause not supported by provsql
ERROR:  DISTINCT ON not supported by provsql
ERROR:  Set operations other than UNION not supported by provsql
