\set ECHO none
 create_provenance_mapping 
---------------------------
 
(1 row)

       value       
-------------------
 personnel.Dave
 personnel.Ellen
 personnel.John
 personnel.Magdalen
 personnel.Nancy
 personnel.Paul
 personnel.Susan
(7 rows)

