\set ECHO none
            provenance_eq             
--------------------------------------
 825d9471-e8a5-585e-bfb9-f11ad5c75484
(1 row)

                 gate                 | info | info_eq 
--------------------------------------+------+---------
 825d9471-e8a5-585e-bfb9-f11ad5c75484 |    1 |       2
(1 row)

